== 04 — Feature-importance stability
  data   -> data/04_importance_stability.csv
                           feature  mean_importance  std_importance  pct_in_top5  mean_rank
                       team_spread           0.5853          0.0407        100.0      1.000
                   qb_cpoe_r4_diff           0.0514          0.0313         73.6      4.540
            off_yards_per_drive_r8           0.0478          0.0195         81.4      4.092
                    off_success_r4           0.0396          0.0146         74.0      4.714
            def_havoc_rate_r4_diff           0.0390          0.0240         58.4      5.964
                    qb_epa_r4_diff           0.0384          0.0191         61.6      5.280
              def_takeaway_rate_r8           0.0202          0.0079         14.8      9.592
      def_points_per_drive_r4_diff           0.0200          0.0076         11.4      9.756
                def_epa_allowed_r8           0.0190          0.0056          4.6      9.784
                    off_3d_rate_r8           0.0169          0.0060          4.4     11.418
                  off_pass_rate_r4           0.0154          0.0057          3.0     12.280
                   qb_sack_rate_r4           0.0153          0.0064          2.8     12.432
            def_success_allowed_r4           0.0153          0.0049          1.4     12.308
def_explosive_play_rate_allowed_r8           0.0151          0.0052          2.2     12.328
         def_pressure_rate_r4_diff           0.0149          0.0080          4.8     13.152

roster_continuity_score was retired in Model_1 rev 3 and is absent from this feature set, so the request's question about it is already settled — it is not re-tested here.
  figure -> 04_importance_stability.png
