== 08 — Market-independence screen — the edge test
  data   -> data/08_market_independence.csv
                           feature    n  raw_corr  raw_auc  corr_with_spread  residual_corr  residual_p  residual_auc  survives_bh
               def_3d_stop_rate_r8 2550 -0.020350 0.496614          0.092190      -0.057072    0.003940      0.472550        False
              off_turnover_rate_r4 2550  0.014289 0.508209         -0.104859       0.056089    0.004608      0.531831        False
              off_turnover_rate_r8 2550  0.013290 0.504515         -0.104906       0.055105    0.005379      0.531022        False
           roster_continuity_score 1430  0.179109 0.604140          0.292761       0.054288    0.040109      0.527719        False
               def_3d_stop_rate_r4 2550 -0.000745 0.506837          0.100902      -0.040880    0.039002      0.483200        False
        off_avg_start_field_pos_r8 2550  0.011287 0.508526          0.115367      -0.034594    0.080708      0.479503        False
     off_penalty_yards_per_game_r4 2550  0.009397 0.509929         -0.062107       0.034038    0.085706      0.525122        False
              def_takeaway_rate_r4 2550  0.094487 0.556120          0.158050       0.032355    0.102371      0.518986        False
              qb_bad_throw_rate_r4 2550 -0.064750 0.464364         -0.087429      -0.030271    0.126457      0.483623        False
        off_avg_start_field_pos_r4 2550  0.012457 0.507576          0.099569      -0.027076    0.171675      0.484744        False
              def_takeaway_rate_r8 2550  0.097431 0.559546          0.182199       0.025768    0.193334      0.512669        False
 def_broken_tackle_rate_allowed_r8 2550 -0.000232 0.505872         -0.065203       0.025622    0.195858      0.521558        False
               qb_time_to_throw_r4 2470  0.032243 0.525578          0.017380       0.025413    0.206744      0.521736        False
     off_penalty_yards_per_game_r8 2550 -0.000956 0.501383         -0.065870       0.025163    0.203991      0.519051        False
           off_red_zone_td_rate_r4 2548  0.014494 0.508725          0.093892      -0.022850    0.248919      0.486830        False
               qb_time_to_throw_r8 2470  0.023744 0.518405          0.005647       0.021524    0.284930      0.517119        False
            off_yards_per_drive_r8 2550  0.164104 0.597534          0.366289       0.020598    0.298463      0.507174        False
                    off_3d_rate_r4 2550  0.098126 0.560510          0.290905      -0.017750    0.370270      0.492721        False
              qb_bad_throw_rate_r8 2550 -0.059400 0.466195         -0.105727      -0.017663    0.372613      0.490337        False
           turnover_margin_rate_r8 2550  0.057094 0.536649          0.187667      -0.017475    0.377734      0.488651        False
   def_red_zone_td_rate_allowed_r8 2547 -0.010379 0.485376         -0.070047       0.017385    0.380478      0.503289        False
                    off_3d_rate_r8 2550  0.108487 0.567367          0.310648      -0.015185    0.443390      0.490501        False
           off_red_zone_td_rate_r8 2548  0.028667 0.520065          0.109580      -0.014888    0.452538      0.491221        False
           turnover_margin_rate_r4 2550  0.053907 0.532859          0.170761      -0.013865    0.484019      0.493819        False
            off_yards_per_drive_r4 2550  0.150797 0.585551          0.349744       0.013242    0.503887      0.504504        False
            off_plays_per_drive_r8 2550  0.064197 0.532489          0.131324       0.012340    0.533363      0.498720        False
        off_explosive_play_rate_r4 2550  0.084550 0.548457          0.243715      -0.012256    0.536161      0.493413        False
     def_penalty_yards_per_game_r8 2550 -0.004224 0.501611          0.019925      -0.012110    0.541029      0.496114        False
                         st_epa_r4 2550 -0.006910 0.496558          0.012213      -0.011743    0.553366      0.493682        False
        off_explosive_play_rate_r8 2550  0.094065 0.559861          0.265340      -0.011335    0.567251      0.499039        False
     def_penalty_yards_per_game_r4 2550 -0.003210 0.499426          0.018658      -0.010595    0.592808      0.494700        False
def_explosive_play_rate_allowed_r8 2550 -0.066183 0.456905         -0.189589       0.008999    0.649682      0.503261        False
                    rush_matchup_z 2548 -0.013148 0.495857         -0.010566      -0.008969    0.650904      0.500481        False
            off_plays_per_drive_r4 2550  0.064759 0.534332          0.143311       0.008136    0.681327      0.500440        False
                         st_epa_r8 2550 -0.006839 0.497616          0.001542      -0.007449    0.706935      0.497218        False
             coach_tenure_censored 2710  0.081825 0.540221          0.190742       0.007265    0.705402      0.428193        False
                  off_drop_rate_r4 2550  0.011062 0.508285          0.012502       0.006115    0.757580      0.505204        False
                coach_tenure_weeks 2710  0.053481 0.534127          0.148005      -0.004527    0.813782      0.497089        False
                    pass_matchup_z 2548 -0.005029 0.498140         -0.004976      -0.003060    0.877298      0.500534        False
def_explosive_play_rate_allowed_r4 2550 -0.058064 0.463849         -0.139086      -0.003058    0.877327      0.496292        False
 def_broken_tackle_rate_allowed_r4 2550 -0.020497 0.491160         -0.044125      -0.003040    0.878039      0.501140        False
                  off_drop_rate_r8 2550  0.006720 0.510327          0.011858       0.002027    0.918493      0.507092        False
   def_red_zone_td_rate_allowed_r4 2547 -0.025832 0.479448         -0.069972       0.001864    0.925075      0.496213        False
               mobility_pressure_z 2548 -0.005720 0.500179         -0.010252      -0.001664    0.933106      0.504835        False
              division_familiarity 2710  0.000000 0.500000          0.000000       0.000000    1.000000      0.500000        False

0 of 45 EDA_2 features survive Benjamini-Hochberg on the residual (single correction across all candidates).
  figure -> 08_market_independence.png
  data   -> data/08_incremental_holdout_auc.csv

Holdout (2025) AUC, spread alone = 0.7187 (EDA_1 reference: 0.7187)
                          feature  holdout_auc      lift
          roster_continuity_score     0.724178  0.005438
            (closing spread only)     0.718740  0.000000
             off_turnover_rate_r4     0.715248 -0.003492
             def_takeaway_rate_r8     0.714210 -0.004530
             def_takeaway_rate_r4     0.714064 -0.004676
          off_red_zone_td_rate_r4     0.713372 -0.005368
             off_turnover_rate_r8     0.711803 -0.006937
              qb_time_to_throw_r4     0.711492 -0.007248
    off_penalty_yards_per_game_r8     0.710419 -0.008321
             qb_bad_throw_rate_r4     0.710334 -0.008406
    off_penalty_yards_per_game_r4     0.710273 -0.008467
       off_avg_start_field_pos_r4     0.709235 -0.009505
       off_avg_start_field_pos_r8     0.708881 -0.009859
def_broken_tackle_rate_allowed_r8     0.708758 -0.009982
              def_3d_stop_rate_r4     0.708243 -0.010497
              def_3d_stop_rate_r8     0.706136 -0.012604

*** 1 feature(s) IMPROVED holdout AUC over spread-alone ***
  figure -> 08_incremental_auc.png
