== 02 — Collinearity — defines the default feature set
  data   -> data/02_collinearity_labeled.csv
                           feature       vif vif_tier  cluster  resid_corr_abs  kept_as_representative  l1_selected
                   off_epa_play_r8 17.956274   SEVERE        9        0.002347                   False        False
                         qb_epa_r8 13.741270   SEVERE        9        0.013982                   False        False
                    qb_epa_r4_diff 12.851124   SEVERE       11        0.034092                    True         True
              off_epa_play_r4_diff 12.769144   SEVERE       11        0.013949                   False        False
                    qb_epa_r8_diff  7.817481     HIGH       11        0.022712                   False        False
           def_epa_allowed_r4_diff  6.253732     HIGH       16        0.054138                   False        False
            off_yards_per_drive_r8  6.103251     HIGH        9        0.022083                    True         True
      off_points_per_drive_r4_diff  6.043781     HIGH       11        0.011548                   False        False
                    off_success_r4  5.993784     HIGH        8        0.020732                    True         True
                     qb_success_r4  5.975640     HIGH        8        0.011902                   False        False
      def_points_per_drive_r4_diff  5.207565     HIGH       16        0.067683                    True         True
           turnover_margin_rate_r8  4.364634 MODERATE        5        0.023417                    True         True
              def_takeaway_rate_r8  3.710915 MODERATE        4        0.019973                    True         True
                def_epa_allowed_r8  3.535027 MODERATE       17        0.061443                    True         True
                       team_spread  2.382855      LOW       12             NaN                    True         True
            def_success_allowed_r4  2.244835      LOW       18        0.038483                    True        False
                    off_3d_rate_r8  2.192353      LOW       10        0.025866                    True         True
                   qb_cpoe_r4_diff  1.917177      LOW       13        0.034495                    True         True
        off_explosive_play_rate_r8  1.822016      LOW        6        0.008223                    True        False
                   qb_sack_rate_r4  1.529464      LOW       14        0.026279                    True         True
                  off_pass_rate_r4  1.477147      LOW        7        0.020125                    True        False
           off_red_zone_td_rate_r8  1.475389      LOW       15        0.011417                    True        False
def_explosive_play_rate_allowed_r8  1.475121      LOW       19        0.024877                    True         True
                     inj_total_out  1.337508      LOW        1        0.016217                    True         True
                        inj_ol_out  1.262452      LOW        2        0.004458                    True        False
            def_havoc_rate_r4_diff  1.255526      LOW       21        0.058575                    True         True
         def_pressure_rate_r4_diff  1.248555      LOW       20        0.009628                    True         True
                           is_home  1.170404      LOW       22        0.018959                    True         True
                        inj_qb_out  1.122793      LOW        3        0.012674                    True         True

VIF tiers: {'LOW': 15, 'HIGH': 7, 'SEVERE': 4, 'MODERATE': 3}
L1 kept 17 of 29; cluster disagreements: 5

DEFAULT feature set (22): ['def_epa_allowed_r8', 'def_explosive_play_rate_allowed_r8', 'def_havoc_rate_r4_diff', 'def_points_per_drive_r4_diff', 'def_pressure_rate_r4_diff', 'def_success_allowed_r4', 'def_takeaway_rate_r8', 'inj_ol_out', 'inj_qb_out', 'inj_total_out', 'is_home', 'off_3d_rate_r8', 'off_explosive_play_rate_r8', 'off_pass_rate_r4', 'off_red_zone_td_rate_r8', 'off_success_r4', 'off_yards_per_drive_r8', 'qb_cpoe_r4_diff', 'qb_epa_r4_diff', 'qb_sack_rate_r4', 'team_spread', 'turnover_margin_rate_r8']
  figure -> 02_vif.png
